Log file open, 01/13/26 12:23:13
LogWindows: Enabling Tpause support
LogTrace: Initializing trace...
LogTrace: Finished trace initialization.
LogInit: Session CrashGUID >====================================================
         Session CrashGUID >   UECC-Windows-7C296A86443270A7F9420894B5132F25
         Session CrashGUID >====================================================
LogConfig: No local boot hotfix file found at: [../../../../../../Users/Lu1sR/Documents/UnrealProjects/Death-Of-Will/TheDeathOfWill/Saved/PersistentDownloadDir/HotfixForNextBoot.txt]
LogPluginManager: Mounting Engine plugin PlatformCrypto
LogInit: ExecutableName: UnrealPak.exe
LogInit: Build: ++UE5+Release-5.5-CL-40574608
LogInit: Platform=WindowsEditor
LogInit: MachineId=3172ab004247f64d0193ddb1488486fd
LogInit: DeviceId=
LogInit: Engine Version: 5.5.4-40574608+++UE5+Release-5.5
LogInit: Compatible Engine Version: 5.5.0-37670630+++UE5+Release-5.5
LogInit: Net CL: 37670630
LogInit: OS: Windows 11 (25H2) [10.0.26200.7462] (), CPU: 12th Gen Intel(R) Core(TM) i7-12650H, GPU: Intel(R) UHD Graphics
LogInit: Compiled (64-bit): Mar  7 2025 14:59:45
LogInit: Architecture: x64
LogInit: Compiled with Visual C++: 19.38.33130.00
LogInit: Build Configuration: Development
LogInit: Branch Name: ++UE5+Release-5.5
LogInit: Command Line: -CreateGlobalContainer=C:\Users\Lu1sR\Documents\UnrealProjects\Death-Of-Will\TheDeathOfWill\Saved\StagedBuilds\Windows\TheDeathOfWill\Content\Paks\global.utoc -PackageStoreManifest=C:\Users\Lu1sR\Documents\UnrealProjects\Death-Of-Will\TheDeathOfWill\Saved\Cooked\Windows\TheDeathOfWill\Metadata\packagestore.manifest -CookedDirectory=C:\Users\Lu1sR\Documents\UnrealProjects\Death-Of-Will\TheDeathOfWill\Saved\Cooked\Windows -Commands="C:\Users\Lu1sR\AppData\Roaming\Unreal Engine\AutomationTool\Logs\C+Program+Files+Epic+Games+UE_5.5\IoStoreCommands.txt" -ScriptObjects=C:\Users\Lu1sR\Documents\UnrealProjects\Death-Of-Will\TheDeathOfWill\Saved\Cooked\Windows\TheDeathOfWill\Metadata\scriptobjects.bin -patchpaddingalign=2048 -compressionformats=Oodle -compresslevel=4 -compressmethod=Kraken -cryptokeys=C:\Users\Lu1sR\Documents\UnrealProjects\Death-Of-Will\TheDeathOfWill\Saved\Cooked\Windows\TheDeathOfWill\Metadata\Crypto.json -compressionMinBytesSaved=1024 -compressionMinPercentSaved=5 -WriteBackMetadataToAssetRegistry=Disabled -nopak
LogInit: Base Directory: C:/Program Files/Epic Games/UE_5.5/Engine/Binaries/Win64/
LogInit: Allocator: Mimalloc
LogInit: Installed Engine Build: 1
LogInit: This binary is optimized with LTO: no, PGO: no, instrumented for PGO data collection: no
LogDevObjectVersion: Number of dev versions registered: 35
LogDevObjectVersion:   Dev-Blueprints (B0D832E4-1F89-4F0D-ACCF-7EB736FD4AA2): 10
LogDevObjectVersion:   Dev-Build (E1C64328-A22C-4D53-A36C-8E866417BD8C): 0
LogDevObjectVersion:   Dev-Core (375EC13C-06E4-48FB-B500-84F0262A717E): 4
LogDevObjectVersion:   Dev-Editor (E4B068ED-F494-42E9-A231-DA0B2E46BB41): 40
LogDevObjectVersion:   Dev-Framework (CFFC743F-43B0-4480-9391-14DF171D2073): 37
LogDevObjectVersion:   Dev-Mobile (B02B49B5-BB20-44E9-A304-32B752E40360): 3
LogDevObjectVersion:   Dev-Networking (A4E4105C-59A1-49B5-A7C5-40C4547EDFEE): 0
LogDevObjectVersion:   Dev-Online (39C831C9-5AE6-47DC-9A44-9C173E1C8E7C): 0
LogDevObjectVersion:   Dev-Physics (78F01B33-EBEA-4F98-B9B4-84EACCB95AA2): 20
LogDevObjectVersion:   Dev-Platform (6631380F-2D4D-43E0-8009-CF276956A95A): 0
LogDevObjectVersion:   Dev-Rendering (12F88B9F-8875-4AFC-A67C-D90C383ABD29): 49
LogDevObjectVersion:   Dev-Sequencer (7B5AE74C-D270-4C10-A958-57980B212A5A): 13
LogDevObjectVersion:   Dev-VR (D7296918-1DD6-4BDD-9DE2-64A83CC13884): 3
LogDevObjectVersion:   Dev-LoadTimes (C2A15278-BFE7-4AFE-6C17-90FF531DF755): 1
LogDevObjectVersion:   Private-Geometry (6EACA3D4-40EC-4CC1-B786-8BED09428FC5): 3
LogDevObjectVersion:   Dev-AnimPhys (29E575DD-E0A3-4627-9D10-D276232CDCEA): 17
LogDevObjectVersion:   Dev-Anim (AF43A65D-7FD3-4947-9873-3E8ED9C1BB05): 15
LogDevObjectVersion:   Dev-ReflectionCapture (6B266CEC-1EC7-4B8F-A30B-E4D90942FC07): 1
LogDevObjectVersion:   Dev-Automation (0DF73D61-A23F-47EA-B727-89E90C41499A): 1
LogDevObjectVersion:   FortniteMain (601D1886-AC64-4F84-AA16-D3DE0DEAC7D6): 170
LogDevObjectVersion:   FortniteValkyrie (8DBC2C5B-54A7-43E0-A768-FCBB7DA29060): 8
LogDevObjectVersion:   FortniteSeason (5B4C06B7-2463-4AF8-805B-BF70CDF5D0DD): 13
LogDevObjectVersion:   FortniteRelease (E7086368-6B23-4C58-8439-1B7016265E91): 15
LogDevObjectVersion:   Dev-Enterprise (9DFFBCD6-494F-0158-E221-12823C92A888): 10
LogDevObjectVersion:   Dev-Niagara (F2AED0AC-9AFE-416F-8664-AA7FFA26D6FC): 1
LogDevObjectVersion:   Dev-Destruction (174F1F0B-B4C6-45A5-B13F-2EE8D0FB917D): 10
LogDevObjectVersion:   Dev-Physics-Ext (35F94A83-E258-406C-A318-09F59610247C): 41
LogDevObjectVersion:   Dev-PhysicsMaterial-Chaos (B68FC16E-8B1B-42E2-B453-215C058844FE): 1
LogDevObjectVersion:   Dev-CineCamera (B2E18506-4273-CFC2-A54E-F4BB758BBA07): 1
LogDevObjectVersion:   Dev-VirtualProduction (64F58936-FD1B-42BA-BA96-7289D5D0FA4E): 1
LogDevObjectVersion:   UE5-Main (697DD581-E64F-41AB-AA4A-51ECBEB7B628): 119
LogDevObjectVersion:   UE5-Release (D89B5E42-24BD-4D46-8412-ACA8DF641779): 51
LogDevObjectVersion:   UE5-PrivateFrosty (59DA5D52-1232-4948-B878-597870B8E98B): 8
LogDevObjectVersion:   Dev-MediaFramework (6F0ED827-A609-4895-9C91-998D90180EA4): 2
LogDevObjectVersion:   Dev-NaniteResearch (30D58BE3-95EA-4282-A6E3-B159D8EBB06A): 1
LogConfig: Branch 'PlatformCrypto' had been unloaded. Reloading on-demand took 0.57ms
LogInit: Presizing for max 100000 objects, including 0 objects not considered by GC.
LogInit: Object subsystem initialized
LogConfig: Applying CVar settings from Section [Startup] File [../../../Engine/Config/ConsoleVariables.ini]
LogConfig: CVar [[r.DumpShaderDebugInfo:2]] deferred - dummy variable created
LogConfig: CVar [[p.chaos.AllowCreatePhysxBodies:1]] deferred - dummy variable created
LogConfig: CVar [[fx.SkipVectorVMBackendOptimizations:1]] deferred - dummy variable created
LogConfig: CVar [[ds.CADTranslator.Meshing.ActivateThinZoneMeshing:0]] deferred - dummy variable created
LogConfig: CVar [[ds.CADTranslator.Stitching.RemoveThinFaces:0]] deferred - dummy variable created
LogConfig: Applying CVar settings from Section [Startup_Windows] File [../../../Engine/Config/ConsoleVariables.ini]
[2026.01.13-18.23.13:887][  0]LogConfig: Applying CVar settings from Section [ConsoleVariables] File [Engine]
[2026.01.13-18.23.13:887][  0]LogConfig: Set CVar [[memory.MemoryPressureCriticalThresholdMB:512]]
[2026.01.13-18.23.13:887][  0]LogInit: Computer: MSI
[2026.01.13-18.23.13:887][  0]LogInit: User: Lu1sR
[2026.01.13-18.23.13:887][  0]LogInit: CPU Page size=4096, Cores=10
[2026.01.13-18.23.13:887][  0]LogInit: High frequency timer resolution =10.000000 MHz
[2026.01.13-18.23.14:139][  0]LogMemory: Process is running as part of a Windows Job with separate resource limits
[2026.01.13-18.23.14:139][  0]LogMemory: Memory total: Physical=15.7GB (16GB approx) Virtual=33.7GB
[2026.01.13-18.23.14:139][  0]LogMemory: Platform Memory Stats for WindowsEditor
[2026.01.13-18.23.14:139][  0]LogMemory: Process Physical Memory: 62.05 MB used, 62.84 MB peak
[2026.01.13-18.23.14:139][  0]LogMemory: Process Virtual Memory: 123.68 MB used, 123.68 MB peak
[2026.01.13-18.23.14:139][  0]LogMemory: Physical Memory: 10583.12 MB used,  5502.05 MB free, 16085.17 MB total
[2026.01.13-18.23.14:139][  0]LogMemory: Virtual Memory: 20134.44 MB used,  14382.73 MB free, 34517.17 MB total
[2026.01.13-18.23.14:144][  0]LogAssetRegistry: FAssetRegistry took 0.0001 seconds to start up
[2026.01.13-18.23.14:145][  0]LogUObjectArray: 438 objects as part of root set at end of initial load.
[2026.01.13-18.23.14:145][  0]LogUObjectArray: CloseDisregardForGC: 0/0 objects in disregard for GC pool
[2026.01.13-18.23.14:145][  0]LogInit: Using OS detected language ().
[2026.01.13-18.23.14:145][  0]LogInit: Using OS detected locale ().
[2026.01.13-18.23.14:145][  0]LogTextLocalizationManager: No localization for '' exists, so 'en' will be used for the language.
[2026.01.13-18.23.14:146][  0]LogTextLocalizationManager: No localization for '' exists, so 'en' will be used for the locale.
[2026.01.13-18.23.14:146][  0]LogInit: Using OS detected language ().
[2026.01.13-18.23.14:146][  0]LogInit: Using OS detected locale ().
[2026.01.13-18.23.14:146][  0]LogTextLocalizationManager: No localization for '' exists, so 'en' will be used for the language.
[2026.01.13-18.23.14:146][  0]LogTextLocalizationManager: No localization for '' exists, so 'en' will be used for the locale.
[2026.01.13-18.23.14:146][  0]LogPakFile: Display: ProjectDir: ../../../../../../Users/Lu1sR/Documents/UnrealProjects/Death-Of-Will/TheDeathOfWill/
[2026.01.13-18.23.14:147][  0]LogIoStore: Display: ==================== IoStore Utils ====================
[2026.01.13-18.23.14:150][  0]LogIoStore: Display: Parsing crypto keys from a crypto key cache file 'C:\Users\Lu1sR\Documents\UnrealProjects\Death-Of-Will\TheDeathOfWill\Saved\Cooked\Windows\TheDeathOfWill\Metadata\Crypto.json'
[2026.01.13-18.23.14:154][  0]LogIoStore: Display: Container signing - DISABLED
[2026.01.13-18.23.14:154][  0]LogIoStore: Display: Directory index - ENABLED
[2026.01.13-18.23.14:154][  0]LogIoStore: Display: Using compression format 'Oodle'
[2026.01.13-18.23.14:154][  0]LogIoStore: Display: Using memory mapping alignment '16384'
[2026.01.13-18.23.14:154][  0]LogIoStore: Display: Using compression block size '65536'
[2026.01.13-18.23.14:154][  0]LogIoStore: Display: Using compression block alignment '2048'
[2026.01.13-18.23.14:154][  0]LogIoStore: Display: Using compression min bytes saved '1024'
[2026.01.13-18.23.14:154][  0]LogIoStore: Display: Using compression min percent saved '5'
[2026.01.13-18.23.14:154][  0]LogIoStore: Display: Using max partition size '0'
[2026.01.13-18.23.14:154][  0]LogIoStore: Display: Not using DDC for compression
[2026.01.13-18.23.14:154][  0]LogIoStore: Display: Using command list file: 'C:\Users\Lu1sR\AppData\Roaming\Unreal Engine\AutomationTool\Logs\C+Program+Files+Epic+Games+UE_5.5\IoStoreCommands.txt'
[2026.01.13-18.23.14:157][  0]LogIoStore: Display: Selected Oodle level 4 (Normal) from command line for shaders
[2026.01.13-18.23.14:158][  0]LogIoStore: Display: Fetched 976 oplog items from Manifest in 0.00 seconds
[2026.01.13-18.23.14:161][  0]LogIoStore: Display: Parsed 976 oplog items 0.00 seconds, 1255 chunks
[2026.01.13-18.23.14:178][  0]LogIoStore: Display: Using input asset registry: C:/Users/Lu1sR/Documents/UnrealProjects/Death-Of-Will/TheDeathOfWill/Saved/Cooked/Windows/TheDeathOfWill/Metadata/DevelopmentAssetRegistry.bin
[2026.01.13-18.23.14:187][  0]LogIoStore: Display: Loaded 286 chunk hashes from AssetRegistry in 0.02 seconds, 286 hashes updated in 0.00 seconds
[2026.01.13-18.23.14:188][  0]LogIoStore: Display: Searching for cooked assets in folder 'C:\Users\Lu1sR\Documents\UnrealProjects\Death-Of-Will\TheDeathOfWill\Saved\Cooked\Windows'
[2026.01.13-18.23.14:226][  0]LogIoStore: Display: Found '2232' files
[2026.01.13-18.23.14:235][  0]LogIoStore: Display: Creating container targets...
[2026.01.13-18.23.14:239][  0]OodleDataCompression: Display: Oodle v2.9.12 format for pak/iostore with method=Kraken, level=4=Normal
[2026.01.13-18.23.14:276][  0]LogIoStore: Display: Parsing packages...
[2026.01.13-18.23.14:276][  0]LogIoStore: Display: Reading package assets...
[2026.01.13-18.23.14:294][  0]LogIoStore: Display: Packages read 969 files in 0.02 seconds, 1,891,632 total bytes, 105,782,365 bytes per second
[2026.01.13-18.23.14:299][  0]LogIoStore: Display: Processing shader libraries, compressing with Oodle Mermaid, level 4 (Normal)
[2026.01.13-18.23.14:309][  0]LogShaderLibrary: Display: Created IoStoreShaderArchive header: shaders grouped in 369 groups (140 of them didn't need new indices), average uncompressed size 152190 bytes, min 249 bytes, max 1047981 bytes (r.ShaderCodeLibrary.MaxShaderGroupSize=1048576)
[2026.01.13-18.23.14:410][  0]LogIoStore: Display: Global-PCD3D_SM5(PCD3D_SM5): Recompressed 3942 shaders as 369 groups. Library size changed from 12644 KB (4.34 : 1 ratio) to 5571 KB (9.84 : 1 ratio), 44.06% of previous.
[2026.01.13-18.23.14:447][  0]LogShaderLibrary: Display: Created IoStoreShaderArchive header: shaders grouped in 551 groups (190 of them didn't need new indices), average uncompressed size 208070 bytes, min 1249 bytes, max 1045875 bytes (r.ShaderCodeLibrary.MaxShaderGroupSize=1048576)
[2026.01.13-18.23.15:001][  0]LogIoStore: Display: Global-PCD3D_SM6(PCD3D_SM6): Recompressed 7613 shaders as 551 groups. Library size changed from 85701 KB (1.31 : 1 ratio) to 48261 KB (2.32 : 1 ratio), 56.31% of previous.
[2026.01.13-18.23.15:009][  0]LogShaderLibrary: Display: Created IoStoreShaderArchive header: shaders grouped in 208 groups (81 of them didn't need new indices), average uncompressed size 72937 bytes, min 325 bytes, max 965040 bytes (r.ShaderCodeLibrary.MaxShaderGroupSize=1048576)
[2026.01.13-18.23.15:039][  0]LogIoStore: Display: TheDeathOfWill-PCD3D_SM5(PCD3D_SM5): Recompressed 1359 shaders as 208 groups. Library size changed from 4162 KB (3.56 : 1 ratio) to 1835 KB (8.07 : 1 ratio), 44.08% of previous.
[2026.01.13-18.23.15:052][  0]LogShaderLibrary: Display: Created IoStoreShaderArchive header: shaders grouped in 237 groups (54 of them didn't need new indices), average uncompressed size 144816 bytes, min 2201 bytes, max 1002133 bytes (r.ShaderCodeLibrary.MaxShaderGroupSize=1048576)
[2026.01.13-18.23.15:195][  0]LogIoStore: Display: TheDeathOfWill-PCD3D_SM6(PCD3D_SM6): Recompressed 2733 shaders as 237 groups. Library size changed from 25633 KB (1.31 : 1 ratio) to 16340 KB (2.05 : 1 ratio), 63.75% of previous.
[2026.01.13-18.23.15:197][  0]LogIoStore: Display: Shaders processed in 0.90 seconds
[2026.01.13-18.23.15:199][  0]LogIoStore: Display: Initialized WriteRequestManager with MaxConcurrentSourceReads=8 (16 cores), MaxSourceBufferMemory=3072MiB
[2026.01.13-18.23.15:200][  0]LogIoStore: Display: Processing redirects...
[2026.01.13-18.23.15:200][  0]LogIoStore: Display: Creating disk layout...
[2026.01.13-18.23.15:201][  0]LogIoStore: Display: Ordered 969 packages using fallback bundle order
[2026.01.13-18.23.15:211][  0]LogIoStore: Display: Serializing container(s)...
[2026.01.13-18.23.17:222][  0]LogIoStore: Display: Writing chunks 2472/2624... [1104 compressed] [1116 compression tasks] [Physical: 1331 MiB, Virtual: 3860 MiB]
[2026.01.13-18.23.18:023][  0]LogIoStore: Display: Writing and compressing took 2.71 seconds, writes to disk took 1.08 seconds for 611,576,096 bytes @ 567,384,976 bytes per second.
[2026.01.13-18.23.18:023][  0]LogIoStore: Display: global: Found perfect hashmap for 1 items.
[2026.01.13-18.23.18:024][  0]LogIoStore: Display: TheDeathOfWill-Windows: Found perfect hashmap for 2623 items.
[2026.01.13-18.23.18:126][  0]LogIoStore: Display: Finalize took 0.1 seconds for 2 writers to write 412,532 bytes, 4,035,711 bytes per second
[2026.01.13-18.23.18:126][  0]LogIoStore: Display: Writing tocs... [Physical: 1258 MiB, Virtual: 3599 MiB]
[2026.01.13-18.23.18:126][  0]LogIoStore: Display: 286 / 2,624 hashes were loaded from the hash database, by type:
[2026.01.13-18.23.18:126][  0]LogIoStore: Display:     BulkData                   286
[2026.01.13-18.23.18:126][  0]LogIoStore: Display: 1,255 / 2,624 chunks attempted to compress, by type:
[2026.01.13-18.23.18:126][  0]LogIoStore: Display:     ExportBundleData           969 / 969
[2026.01.13-18.23.18:126][  0]LogIoStore: Display:     BulkData                   286 / 286
[2026.01.13-18.23.18:126][  0]LogIoStore: Display:     ScriptObjects              0 / 1
[2026.01.13-18.23.18:126][  0]LogIoStore: Display:     ContainerHeader            0 / 1
[2026.01.13-18.23.18:126][  0]LogIoStore: Display:     ShaderCodeLibrary          0 / 4
[2026.01.13-18.23.18:126][  0]LogIoStore: Display:     ShaderCode                 0 / 1,363
[2026.01.13-18.23.18:126][  0]LogIoStore: Display: Source bytes read:
[2026.01.13-18.23.18:126][  0]LogIoStore: Display:     Zen:                                  0
[2026.01.13-18.23.18:126][  0]LogIoStore: Display:     Loose File:               1,224,814,568
[2026.01.13-18.23.18:126][  0]LogIoStore: Display:         ExportBundleData        399,634,990 bytes over 1,938 reads
[2026.01.13-18.23.18:126][  0]LogIoStore: Display:         BulkData                825,179,578 bytes over 286 reads
[2026.01.13-18.23.18:126][  0]LogIoStore: Display:     Memory:                     148,745,226
[2026.01.13-18.23.18:126][  0]LogIoStore: Display:         ShaderCodeLibrary         1,275,800 bytes over 8 reads
[2026.01.13-18.23.18:126][  0]LogIoStore: Display:         ShaderCode              147,469,426 bytes over 2,726 reads
[2026.01.13-18.23.18:126][  0]LogIoStore: Display: Calculating stats...
[2026.01.13-18.23.18:126][  0]LogIoStore: Display: 
[2026.01.13-18.23.18:126][  0]LogIoStore: Display: Container Summary
[2026.01.13-18.23.18:126][  0]LogIoStore: Display: ==================
[2026.01.13-18.23.18:126][  0]LogIoStore: Display: 
[2026.01.13-18.23.18:126][  0]LogIoStore: Display: Container                                               Flags      Chunk(s) #       TOC (KiB)       Raw Size (MiB)           Size (MiB)
[2026.01.13-18.23.18:126][  0]LogIoStore: Display: ----------------------------------------------------------------------------------------------------------------------------------------------
[2026.01.13-18.23.18:126][  0]LogIoStore: Display: global                                              -/-/-/-/-               1            0.65                 2.40                 2.40 -
[2026.01.13-18.23.18:126][  0]LogIoStore: Display: TheDeathOfWill-Windows                              C/-/-/I/-            2623          402.22              1051.54               580.84 (44.76% Oodle)
[2026.01.13-18.23.18:126][  0]LogIoStore: Display: ----------------------------------------------------------------------------------------------------------------------------------------------
[2026.01.13-18.23.18:126][  0]LogIoStore: Display: Total                                                                    2624          402.86              1053.94               583.24
[2026.01.13-18.23.18:126][  0]LogIoStore: Display: 
[2026.01.13-18.23.18:126][  0]LogIoStore: Display: ** Flags: (C)ompressed / (E)ncrypted / (S)igned) / (I)ndexed) / (O)nDemand **
[2026.01.13-18.23.18:126][  0]LogIoStore: Display: 
[2026.01.13-18.23.18:126][  0]LogIoStore: Display: Compression block padding:     1.84 MiB
[2026.01.13-18.23.18:126][  0]LogIoStore: Display: 
[2026.01.13-18.23.18:126][  0]LogIoStore: Display: Container Directory Index
[2026.01.13-18.23.18:126][  0]LogIoStore: Display: ==========================
[2026.01.13-18.23.18:126][  0]LogIoStore: Display: 
[2026.01.13-18.23.18:127][  0]LogIoStore: Display: Container                                          Size (KiB)
[2026.01.13-18.23.18:127][  0]LogIoStore: Display: ----------------------------------------------------------------------------------------------------------------------------------------------
[2026.01.13-18.23.18:127][  0]LogIoStore: Display: global                                                   0.00
[2026.01.13-18.23.18:127][  0]LogIoStore: Display: TheDeathOfWill-Windows                                  57.89
[2026.01.13-18.23.18:127][  0]LogIoStore: Display: 
[2026.01.13-18.23.18:127][  0]LogIoStore: Display: Container Patch Report
[2026.01.13-18.23.18:127][  0]LogIoStore: Display: ========================
[2026.01.13-18.23.18:127][  0]LogIoStore: Display: 
[2026.01.13-18.23.18:127][  0]LogIoStore: Display: Container                                             Total #       Modified #          Added #   Modified (MiB)      Added (MiB)
[2026.01.13-18.23.18:127][  0]LogIoStore: Display: ----------------------------------------------------------------------------------------------------------------------------------------------
[2026.01.13-18.23.18:127][  0]LogIoStore: Display: global                                                      1                0                0             0.00             0.00
[2026.01.13-18.23.18:127][  0]LogIoStore: Display: TheDeathOfWill-Windows                                   2623                0             2623             0.00           579.00
[2026.01.13-18.23.18:127][  0]LogIoStore: Display: 
[2026.01.13-18.23.18:127][  0]LogIoStore: Display: PackageStore
[2026.01.13-18.23.18:127][  0]LogIoStore: Display: =============
[2026.01.13-18.23.18:127][  0]LogIoStore: Display: 
[2026.01.13-18.23.18:127][  0]LogIoStore: Display: Container                                          Size (KiB)      Packages #     Localized #
[2026.01.13-18.23.18:127][  0]LogIoStore: Display: ----------------------------------------------------------------------------------------------------------------------------------------------
[2026.01.13-18.23.18:127][  0]LogIoStore: Display: TheDeathOfWill-Windows                                     31             969               0
[2026.01.13-18.23.18:127][  0]LogIoStore: Display: ----------------------------------------------------------------------------------------------------------------------------------------------
[2026.01.13-18.23.18:127][  0]LogIoStore: Display: Total                                                      31             969               0
[2026.01.13-18.23.18:127][  0]LogIoStore: Display: 
[2026.01.13-18.23.18:127][  0]LogIoStore: Display: 
[2026.01.13-18.23.18:127][  0]LogIoStore: Display: Input:       969 Packages
[2026.01.13-18.23.18:127][  0]LogIoStore: Display: Input:      0.19 GB UExp
[2026.01.13-18.23.18:127][  0]LogIoStore: Display: Input:      0.00 GB UAsset
[2026.01.13-18.23.18:127][  0]LogIoStore: Display: Input:      0.77 GB UBulk
[2026.01.13-18.23.18:127][  0]LogIoStore: Display: Input:     52.57 MB for 920 Global shaders
[2026.01.13-18.23.18:127][  0]LogIoStore: Display: Input:      4.73 MB for 188 Shared shaders
[2026.01.13-18.23.18:127][  0]LogIoStore: Display: Input:      0.00 MB for 0 Unique shaders
[2026.01.13-18.23.18:127][  0]LogIoStore: Display: Input:     13.02 MB for 255 Inline shaders
[2026.01.13-18.23.18:127][  0]LogIoStore: Display: 
[2026.01.13-18.23.18:127][  0]LogIoStore: Display: Output:    14446 Name map entries
[2026.01.13-18.23.18:127][  0]LogIoStore: Display: Output:     1296 Imported package entries
[2026.01.13-18.23.18:127][  0]LogIoStore: Display: Output:      603 Packages without imports
[2026.01.13-18.23.18:127][  0]LogIoStore: Display: Output:        0 Public runtime script objects
[2026.01.13-18.23.18:127][  0]LogIoStore: Display: Output:     0.00 GB HeaderData
[2026.01.13-18.23.18:127][  0]LogIoStore: Display: Output:     2.40 MB InitialLoadData
[2026.01.13-18.23.18:127][  0]LogIoStore: Display: 
[2026.01.13-18.23.18:135][  0]LogPakFile: Display: UnrealPak executed in 3.988608 seconds
[2026.01.13-18.23.18:243][  0]LogCore: Engine exit requested (reason: UnrealPak Exiting)
[2026.01.13-18.23.18:243][  0]LogExit: Preparing to exit.
[2026.01.13-18.23.18:244][  0]LogExit: Object subsystem successfully closed.
[2026.01.13-18.23.18:244][  0]LogPakFile: Destroying PakPlatformFile
[2026.01.13-18.23.18:245][  0]LogExit: Exiting.
[2026.01.13-18.23.18:878][  0]Log file closed, 01/13/26 12:23:18
